// Jest Snapshot v1, https://goo.gl/fbAQLP

exports[`#fetchGroups should collect data 1`] = `
{
  "collectedEntities": [
    {
      "_class": [
        "Account",
      ],
      "_key": "zendesk_account:creativice",
      "_rawData": [
        {
          "name": "default",
          "rawData": {
            "multiproduct": true,
            "name": "Creativice",
            "owner_id": 5812690998173,
            "sandbox": false,
            "subdomain": "creativice",
            "time_format": 24,
            "time_zone": "Europe/Belgrade",
            "url": "https://creativice.zendesk.com",
          },
        },
      ],
      "_type": "zendesk_account",
      "accessURL": "https://creativice.zendesk.com",
      "accountId": "creativice",
      "createdOn": undefined,
      "displayName": "Creativice",
      "name": "Creativice",
    },
    {
      "_class": [
        "Group",
      ],
      "_key": "zendesk_group:5812638858781",
      "_rawData": [
        {
          "name": "default",
          "rawData": {
            "created_at": "2022-07-06T18:46:13Z",
            "default": true,
            "deleted": false,
            "description": "",
            "id": 5812638858781,
            "is_public": true,
            "name": "Support",
            "updated_at": "2022-07-06T18:46:13Z",
            "url": "https://creativice.zendesk.com/api/v2/groups/5812638858781.json",
          },
        },
      ],
      "_type": "zendesk_group",
      "createdAt": "2022-07-06T18:46:13Z",
      "createdOn": undefined,
      "deleted": false,
      "description": "",
      "displayName": "Support",
      "id": "5812638858781",
      "name": "Support",
      "updatedAt": "2022-07-06T18:46:13Z",
      "url": "https://creativice.zendesk.com/api/v2/groups/5812638858781.json",
    },
  ],
  "collectedRelationships": [],
  "encounteredTypes": [
    "zendesk_account",
    "zendesk_group",
  ],
  "numCollectedEntities": 2,
  "numCollectedRelationships": 0,
}
`;
